Leo Murch
Log for AST 4762, Fall 2026

*****IN:	Wed Aug 26 15:10:00 EDT 2026
Created the ast4762 directory with all outlined folders, created log in the base
directory as well. 
Problem 2 Below:

Name: Leo Murch
Username: aleonav
What astronomy classes have you taken?
	Solar System Astro, Stellar astrophys, intro to astronomy
Are you generally comfortable with calculus and physics?
	I would say so
Have you ever programmed a computer?
	Taken 3150, some other in different languages to python.
In what language(s)?
	Python, C, Java
Have you taken a programming class, and if so which?
	Intro to C, Intro to Python, Object Oriented, PHZ3150
Have you taken statistics or probability?
	no
Will you be attending the DPS conference this year, or will
you be away otherwise?
	not aware of it, don't know much about it.
Why are you taking this course?
	Course req / really have taken an interest to programming with data analytical 
	applications (had a lotta fun in 3150)
Are there particular topics you hope to learn?
	I want to see a lot of the techniques, and just have more hours programming
If you have programmed outside of a course before, please
briefly describe:
	Just within classes listed above, also used python within research.
If you have worked with scientific data before, briefly
describe your experience:
	Mostly within 3150's sample files, such as some from the HST.
Please describe any projects in astronomy, including
involvement in amateur groups, owning a telescope,
research, etc.:
	Coursework within 3150, I also got a telescope for like 100 of a rich old guy,
	so I usually take that out in winter when there's a nice clear look at the sky
	and it isn't hot out.

Problem 3 (explain how to do the steps):
•I made a folder within ast4762/Homework/ called <hw0_aleonav>
•I'll cmd_c cmd_v this file into that same folder once I write the out entry
•right click the mentioned folder, compress it, and submit that to canvas

*****OUT:	Wed Aug 26 15:35:49 EDT 2026


*****IN:	Fri Aug 28 15:03:33 EDT 2026
going thru setups and seeing which software i have vs which i need in class.

i should have everything? I installed miniconda even tho i dont think I need it to install
any software, but i might need it for packages

gonna install virtual box now
nvm i don't need it i alr got a mac

opening hw 1 and starting it:

Problem 1:
	•made the folder and the log is already open
Problem 2:
	•took a screenshot of jupyter with the built in mac screenshot and put it in the folder,
	naming it accordingly
	•python version is Python 3.14.7
	•took a screenshot of github desktop, named it graph2. shows another repository atm
Problem 3:
	•stokes stuff isnt working at the moment, i'll leave this section not finished.
Problem 4:
	•i'll copy this into h1 folder, compress, upload it to webcourses and copy it to handin.

*****OUT:	Fri Aug 28 15:45:41 EDT 2026


*****IN:	Mon Aug 31 11:06:41 EDT 2026
Stokes is now working, so I'm gonna do the rest of homework 1 by logging in and taking a sc

Problem 3:
	•typed ls into the terminal once connected to stokes, showing my NID logged in.
	typed my password in wrong once so there's 1 failed login attempt lol
	named it problem3_graph1, I'll zip the new folder with the image and log and submit again.

****OUT:	Mon Aug 31 11:14:09 EDT 2026


****IN:	Tue Sep  1 20:46:02 EDT 2026
logging in to do the peer reviews for the class, probably wont type much about the content.
both looked good, aside from one having the log file be a .txt instead of a .log

i'll log out since i've submitted both peer reviews for the night and continue tryna write my essays.
*****OUT:	Tue Sep  1 21:15:37 EDT 2026


*****IN:	Wed Sep  2 14:33:08 EDT 2026
in class
*****OUT:	Wed Sep  2 16:21:21 EDT 2026


*****IN:	Thu Sep  3 17:42:57 EDT 2026
gonna start working on hw 2 now that im still on campus
*there is a note about github being here, but we haven't set up a classroom yet.
i'll leave it until we set it up and continue without it for now

Problem_1:
Steps to make the folder and the hw2.py file:
	•cd ~/UCF/FA26/ast4762/homework #get into my hw directory
	•touch hw2_aleonav.py #make the hw2 .py file for the assingment.
	#oops i forgot to make the folder
	•mkdir hw2_aleonav
	•mv hw2_aleonav.py hw2_aleonav/ #to move the .py into the directory

Problem_2:
looking at the problem i think i'll do this in a notebook actually so i can make sure
what im making is right.
•rm -i hw2_aleonav.py (yes i am sure i wanna delete)
•make the jupyter notebook w/in the webapp since im already there

i keep on having to delete my \n characters after print i forget that python does it for you lol

printing the answers to the questions in the hw within the python file as asked.

b) how to scale an array i forgot
stack overflow entry talking about rescaling (normalizing), there's a np function for it

i'm gonna take a break right now, i've been sitting in COS for a while and i wanna go home 
*****OUT:	Thu Sep  3 19:08:45 EDT 2026


*****IN:	Fri Sep  4 14:43:22 EDT 2026
within class on friday, starting zoom lecture
*****OUT:	Fri Sep  4 16:20:59 EDT 2026


*****IN:	Wed Sep  9 12:10:07 EDT 2026
had to submit a draft for a really long scholarship, so im finishing the hw now

ill continue to write all the comments and entries within the homework in the .py

Now that i've finished problem 5, I'll export this as a .py file and test it within Stokes
to make sure that everything is working, since i tested it in a notebook.

Problem 6:
	a) logged into stokes by ssh nid@stokes etc
	b) mkdir homework > mkdir hw2_aleonav
	c) first made another window, scp to the NID of my hw2 py file
	scp didnt work, file not showing up in stokes
	tried with a test file, its not copying anything with scp -r or w/out the -r.
	logging back in and out doesnt work either
	missing the colon at the end, got it, py file is there.
	d) loaded the anaconda thing, ran the py file, everything went through
	e) now i'll get the repo working and follow the guide real quick
	repo is working and committed
	f) now taking a screenshot PRE moving everything in
	copy to stokes as well with scp
	g) already produced with the run
	h)scp ir (log directory) nid@stokes...~/homework/hw2_aleonav
	tar zcf hw2_aleonav.tar.gz hw2_aleonav #to make into .tar.gz
	download by scp le796461@stokes.ist.ucf.edu:~/homework/hw2_aleonav.tar.gz /
	/localpath
	copy to handin folder
	submit
	i)copy log in stokes after saving and do all of the above.

*****OUT:	Wed Sep  9 14:22:58 EDT 2026

*****IN:	Wed Sep  9 14:41:29 EDT 2026
working within class now

affects the stick figures height:
 0 point is off
 wearing platform shoes (lol)
 thermal expansion
 relativsitc length contraction (also lol)
 where on the earth you are? (gravitational changes)

illeg:
	putting N instead of Nm on a physics test asking for torque
systematic:
	measurements of stellar spectra through earth's atmosphere
random:

*****OUT:	Wed Sep  9 16:22:49 EDT 2026


*****IN:	Fri Sep 11 14:34:09 EDT 2026

class is ending, ima move somewhere else and do the P1 

*****OUT:	Fri Sep 11 16:25:22 EDT 2026


*****IN:	Fri Sep 11 17:13:57 EDT 2026
resuming the p1, gonna think as HARD as my tiny brain can

oh mah god i finally got it to work:
loop_arr = []
for i in range (0,300):
    temp_row = []
    for j in range(0,200):
        temp_row.append(i)
    loop_arr.append(temp_row)
loop_arr = np.array(loop_arr, dtype = np.float64)
print(loop_arr, np.shape(loop_arr))


w/out loop is a lot easier:
arr = np.zeros((200, 300), dtype = np.float64)
col = np.arange(300, dtype = np.float64) 
arr[:] = col
arr = np.transpose(arr)

i think instead of declaring the arr(200,300) wrongly and then transposing,
you can also firstly do zeros(300,200) col = np.transpose(np.arange(300))
and then just arr[:] = col
but ig it doesnt rlly matter lol, same amnt of work

Problem 2:
for the prompt I took a sc of problem 1 and said this: 
I want to do problem 2, asking AI. Put the output all localized the cell where the print statement for problem 2 is please

Problem 3:
got the fig plotted and saved it as a png 
ill put everything up in the tar.gz, put it to stokes and github and canvas

*****OUT:	Fri Sep 11 19:46:24 EDT 2026


*****IN:	Sat Sep 12 15:34:32 EDT 2026
just realized i submitted a notebook instead of a .py, gonna fix that rq

alright got that done, ill put this in the folder compress and upload
*****OUT:	Sat Sep 12 15:43:04 EDT 2026


*****IN:	Mon Sep 14 14:37:25 EDT 2026
in class
*****OUT:	Mon Sep 14 16:17:51 EDT 2026


*****IN:	Mon Sep 14 18:27:49 EDT 2026
gonna start hw3 cause im gonna forget later ik it

Problem 1:
open terminal in folder, mkdir for the hw3 directory, and the notebook file 
off to prob 2

Problem 2:
a) gonna make another file named hw3_aleonav_support_functions.py as detailed in the format rules

b) stuff needed for the support file:
docstring:explanation of the module at the top of the file before anything.

imports: needed to import the packages that you'll be using w/in the file, or other
	functions from other files.

functions: a lot goes into this part.
	def: need to define a function, and its arguments
	docstring: long explanation with multiple parts that describes in a detailed manner the purpose
		of the function, what it takes in, what it does, what it spits out, correct syntax, related functions,
		errors and exceptions, literature, examples, revisions, and references.
	body: where the function part of the function lives
	pass: to pass through the function so that nothing happens when you call it (unless you want something to happen)

c) i dont know what it does yet, so i wont really remove much atm. i'll just clean up some of the
tutorial-esque comments.

gonna go back home now 
*****OUT:	Mon Sep13 19:47:21 EDT 2026


*****IN:	Tue Sep 15 14:43:08 EDT 2026
gonna work for like 10~15 mins on the hw

d) made the function return var1**2, i think this should be enough.
I'll use github desktop now to commit the files and push to origin after I've saved all this.
(this was not a good idea on my hotspot its taking a while)
(cant reach it, ill push them when i get on my wifi at home)

e) oops already did this in d, but the function has already been named square and i made it return var1**2
made examples of float, array, int.

log out
*****OUT:	Tue Sep 15 15:05:42 EDT 2026


*****IN:	Tue Sep 15 17:49:47 EDT 2026
back at home, time to resume, pushing everything to git now that i have internet

f) seems to be working, called square() for ints, arrays, floats, all are giving the right outputs.

g) ill go through and remove most of the stuff that isn't needed / doesn't apply to the func.
removed some of the notes and the references section, i'll save and commit to github.

time to eat some food
*****OUT:	Tue Sep 15 18:07:19 EDT 2026


*****IN:	Tue Sep 15 18:33:57 EDT 2026
resuming hw3,

on part (i), asks for a 5x5 array with floats from 0-25. If I want it to be neat, i would need 0-24 (25 in total).
Currently its 26 in total, and is really messy, but I'll keep it as is now.

okay 3 is really long im gonna take a shower and get comfy before i start on it
*****OUT:	Tue Sep 15 19:10:57 EDT 2026


*****IN:	Tue Sep 15 20:36:44 EDT 2026
back

time to create square plot
made a function, docstring, etc. I'll commit to github then test it.

oops forgot to restart the kernel

its plotting a line since i used plt.plot(), but I think having a scatter would be better
due to the nature of it being n# of points and not a function. I'll change that and make an edit
to the revisions.

forgot to make a sc of 2(g), looked in the history and took one of what it was then.



i know it'll be the day of, but i gotta give some time to other assignemnts, so i'll 
try and finish up once i get to school tmr and before class.
*****OUT:	Tue Sep 15 21:46:27 EDT 2026


*****IN:	Wed Sep 16 11:16:19 EDT 2026
doing prob4 now

Problem 4:
for the rubric i'll go ahead and make the categories first then split the 20 points
between them after.

Rubric:
Problem_3 (20 points total)
	1)Function Accuracy (8 points)
		•is squareplot written in the support function? (4 points)
		•does squareplot take in 4 total arguments? (2 points)
		•is saveplot = False optional with a default value? (2 points)
	2)x and y values (4 points)
		•is an inclusive even spaced array made using the 3 variables given? (2 points)
		•is square() called to make y=square(x)? (2 points)
	3)plotting (8 points)
		•are the y vs x points plotted using a plt function? (2 points)
		•are the xlabel, ylabel, and title all labeled correctly? (2 points)
		•is there an if statement to catch if saveplot is not false? (1 point) is it saved as a pdf? (1 point)
		•is plt.show() called to display the graph? (2 points)

I'll save this in a separate txt file now that I have it here.

time to upload everything to stokes for prob5,
Problem 5:
sign in with ssh nid@stokes.ist.ucf.edu, cd to homework/ and mkdir hw3 folder.
make another terminal window (in hw3 folder), scp the py to nid@stokes.ist.ucf.edu:~/homework?hw3_aleonav/
	cool the copying worked
activate env with module load anaconda
	the rubric lied to me i need to copy my support functions as well
	copy that, run again
problem ran though, i see print statements but no graph output (because it dosent work on stokes, through shell)
the pdf is there tho, so i know it worked.

i'll commit this thru github desktop now.

okay it just told me to commit and now i need to take a screenshot and commit again cmon 

okay now it tells me to copy the rest of the content to stokes why wouldnt i just wait to do that until 
now and THEN test on stokes : (
	(im going to delete the whole folder and copy my directory instead), scp -r
	there we go 

i'll out and copy this all to stokes and tar.gz it with 
tar zcf hw3directory, scp it to my handin folder.

*****OUT:	Wed Sep 16 12:03:41 EDT 2026


*****IN: 	Wed Sep 16 14:38:31 EDT 2026
in class

no more class
*****OUT:	Wed Sep 16 16:19:55 EDT 2026


*****IN:	Thu Sep 17 19:29:03 EDT 2026
gonna start on hw4

Problem 1:
cd to homework, mkdir hw4_aleonav. Make a notebook and name it accordingly too.

Problem 2)
upon a google search, i find np.random.normal(mu, sigma, N) that fits the description.

okay i plotted the thing but its late and i wanna go home
*****OUT:	Thu Sep 17 19:54:45 EDT 2026


*****IN:	Fri Sep 18 15:30:36 EDT 2026
in class after quiz

class over now
*****OUT:	Fri Sep 18 16:21:48 EDT 2026


*****IN: Sun Sep 20 14:22:21 EDT 2026
working on hw4
partc, plotting the gaussian curve over my current sample.
looked it up and numpy doesnt seem to have a function for this, but its
not the hardest thing to just calculate by hand, so thats what i'll do. comments will be 
in the code for the explanations

i'm gonna skip the extra credit for now, sincei have other homework to get to due monday.
if i have enough time after completeing everything i'll come back to it and do it b4 i gotta submit.

oh wait p4 is just the submission so i'll do my other homework and just come back to it later then.
*****OUT: 	Sun Sep 20 14:49:50 EDT 2026

*****IN: 	Mon Sep 21 13:17:08 EDT 2026
uploading and testing on stokes,
worked! files saved as well

take screenshot of this with the homework, push to github.

mkdir hw4 inside hw, scp the contents of it w/ scp from my computer.
i will .tar.gz but i still have to close this log out. I'll then scp from stokes to my local dir.


*****OUT: 	Mon Sep 21 13:35:53 EDT 2026


*****IN: 	Mon Sep 21 14:29:22 EDT 2026
in class

all the sys and random errors i can think of when measuring dr. harrington:
-sys from height, unable to see the measurement (sys)
-knees are bent a little (sys)
-tape measure bends
-wearing shoes

no more class
*****OUT: 	Mon Sep 21 16:21:35 EDT 2026


*****IN: 	Tue Sep 22 13:44:51 EDT 2026
working on p2 some more:

comments on the code are within the py file by the way, in case you're looking for them.
seperated by each problem and order in which i wrote it.

alright awesome I think i've gone ahead and finished it all,
prob 6 was pretty long. I'll go into stokes since im at ucf right now
and copy it all, tar it, download, and put it in handin and submit as well.

I'll push it all to github after the fact too.
*****OUT: 	Tue Sep 22 15:04:41 EDT 2026


*****IN: 	Wed Sep 23 18:14:55 EDT 2026
gonna do the peer reviews now for hw4
finished, hw4 was pretty short.
*****OUT:	Wed Sep 23 18:34:04 EDT 2026


*****IN:	Thu Sep 24 17:26:07 EDT 2026
gonna start on p3 
make the folde with mkdir, notebook, the usual stuff

Problem 1:
all notes on code are within the py file

#ANSWERS FOR PART D
#def not a good fit of the data.
#it does all it can, but the differences are just too much, probability is even 0 on getting a higher one.

#two good reasons on why it cant fit the data could be:
#1) 
#the residuals of the model to the actual data is much larger than the assumed sigma of 0.5. Chi_sq ends up being prob massive lets see
#lmfao 240k
#lets compare with the 1st:
#lets see how many points there are:
#100 points - 2 DOF is 98 for a good fit, so this is actually rlly good, better than 200k

Problem 2:
notes on code w/in pyfile

i seem to be all done which is nice, i wont submit yet just in case we go over anything tmr but i'll export it to a py file.

*****OUT: 	Thu Sep 24 19:41:02 EDT 2026


*****IN:	Fri Sep 25 13:40:05 EDT 2026
starting a bit of the setup to hw5 b4 class

cd to the hw directory, mkdir hw5_aleonav, and `touch` the file to work in 
put the requested info in as well
continutation of p3, so i'm gonna make a new terminal window there and mv everything over to the current
hw5 directory that I need, as well as copying my same code that I used.
actually i havent pushed to github yet so im gonna do that as well to keep up to date.

Problem 2:
copied all the code, printed everything before, but there's a couple of new questions here as well:
How close is the final standard deviation to that expected for the Poisson distribution?
	the expected would be the sqrt of N, which is 10000. Expected is 100, out stdev is 6000?
	I HAVE AN ERROR IN P3!!!! I used the stdev of my bad sample instead of the expected sqrt(N),
	keeping a lot of values outside. I'll head over to class now, and fix that when we start in p3.

*****OUT: 	Fri Sep 25 13:55:26 EDT 2026


*****IN: 	Fri Sep 25 14:37:18 EDT 2026
in class now, i'll correct the error now:
fixed it and the answers and made a new .py file on it.

class done
*****OUT: 	Fri Sep 25 16:21:48 EDT 2026


*****IN:	Fri Sep 25 17:42:08 EDT 2026
working more on homework 5:
back to the questions from before:
Problem 2)
How close is the final standard deviation to that expected for the Poisson distribution?
	expected at 100, the calculated stdev is 99.16, pretty close to the expected value.

Will this method always remove every bad pixel?
	No, it can definitely be possible for bad or unexpected value to end up within what you
	consider to be the 'good' range. 0-1e6 has a 1/1000 change of being in the data, which is not 0.

Problem 3)
time to make another function, touch the .py file for hw5_aleonav_support_function.py
i'll have linfit.py pulled up as a reference to make sure i dont make any mistakes when making it.

library is closing 
*****OUT: 	Fri Sep 25 19:04:38 EDT 2026


*****IN:	Sat Sep 26 21:20:03 EDT 2026
working more on hw5

going home
*****OUT: 	Sat Sep 26 22:05:39 EDT 2026


*****IN:	Sun Sep 27 11:04:27 EDT 2026
working more on hw5, still working on making sigrej

#im pretty confused on having a tuple of two values for the error. Is it an upper and lower limit
for the data?
oh its two passes for the same rejection, so we can intrinsicly call the function in its return
if i put a return statement earlier in that doesnt get activated the first time (i think)

Problem 3:
hell yea the function worked, so i'll explain it here:
the problem i was having was that the sigmas were a tuple of how many passes to do with possibly 
differing values. I handled it like this:
at the beginning of the function, i have an if statement that asks if len(sigmas) == 0: return mask.
(mask being the bool array of true / false for data to include). the first round wont have the len as 0,
so it goes through modifying WHERE the values are greater than n*sigma, sets those as false.
it then returns itself, return sigrej(data, sigmas[1:], mask) now including the bad values. sigmas will now have
one less indicies than it did before. This happens until all the len is 0, and all of the runs have happened,
then returning the mask it was called with.

oh wow that was it all that's left to do is submit. I'll save this for now to look over later and give
some time to my other hw assignemnts due monday (a lot of them)

*****OUT: 	Sun Sep 27 12:17:01 EDT 2026


*****IN:	Mon Sep 28 13:57:20 EDT 2026
time to submit p3 and hw5 and their .py files. 
scp both files to stokes by logging in and entering my password,
testing both by calling python3 after init the conda env, worked!

i'll describe what i'll do after i copy the log in and save it:
time to upload both folders by copying them to stokes, tar.gz both
scp to my handin folder after i tar.gz, and upload it into webcourses and submit.

i'll close out the log and do those final steps now
*****OUT: 	Mon Sep 28 14:04:31 EDT 2026


*****IN:	Fri Oct  2 11:11:42 EDT 2026
okay now i do practium 4 after slaving away with quantum for forever (as much as i can b4 class)

Problem 1:
This looks like its own connection to hw6, so i'll mkdir for hw6_aleonav and work in there for practicum.
after downloading and unzipping the hw6_data, i'll mv the directory to my hw6 folder as well.
touch the .ipynb file also, convert to py before submitting.

Problem 2:
i'm not sure how to use the os.listdir, so i'll see what it prints
out and then go from there to get the files w/out the fits.

i see i did datadir wrong, i need the archival_data/ inside the hw6_data, so i'll update that
okay i got it,
for fname in os.listdir gives just the file names as strings

create 2 if statements to see if fname[:4] is either 'dark' or 'star', then append to its list 
if not, just continue to go back in the loop, until all the names have been went through.

c) i notice that these values arent sorted, since os.listdir doesnt sort them.
it doesn't say that we should sort them, so i wont for now and see what we'll do in class later today.

e)better to not hardcode them so you can see the defined variables in the code. It's much more
descriptive when used later on than just memorizing that '5' is the size of darkfile

Problem 3:
im confused about this part. ny x nx is 512 by 512, but per file there's 4 of these, and
nobj/dark # of files within them, so which do we choose to add if we're making 3D arrays of
(nobj, by, nx)? We would be forsaking 3 of the other ones if we did do that for each file.

okay my butt is hurting from sitting in this plastic chair in COS so im gonna move somewhere else
till class.

*****OUT: 	Fri Oct  2 12:21:40 EDT 2026


*****IN:	Fri Oct  2 14:22:39 EDT 2026
in class now

okay it's NOT the archival data im supposed to be doing the rdpharocor ones, i'll modify the loop
to populate it and then see if it fixes it.

outta class
*****OUT: 	Fri Oct  2 16:17:20 EDT 2026


*****IN:	Fri Oct  2 18:44:53 EDT 2026
#c) why not print TIME-OBS?
print(objhead['TIME-OBS'], darkhead["TIME-OBS"])
#there's nothing.
#Theyre blank for the images within the headers, apparently TIME-OBS is an older standard:
#https://listmgr.nrao.edu/pipermail/fitsbits/2002-January/001053.html
#found this on a mailing list, detailing the TIME vs DATE, to have a more combined
#standard for storing the date, and having FITS be modern and easier to parse by being combined.

i don't really see submission instructions as well, so I'll put this current version into a 
.py file, log into stokes and targz everything, scp, yada yada, and then submit and back to github.
*****OUT: 	Fri Oct  2 19:05:40 EDT 2026


*****IN:	Mon Oct  5 14:33:15 EDT 2026
class

no class
*****OUT: 	Mon Oct  5 16:18:26 EDT 2026


*****IN:	Mon Oct  5 18:20:47 EDT 2026
starting some of hw6 to get all the files set up for later.
making a folder for hw7 curiously, so i'll mkdir hw7_aleonav/, as well as moving my .ipynb
file from practicum with [mv], and i'll later convert it to a .py before submission.
After making the files with the header, i'll to a push to github before starting on anything.

Problem 2:
	a)
	can use np.median along the first axis to take the median along the axis holding the arrays.

	b) median value @ [217,184] is 19.0

	c)looking online on any fits function to handle headers, there's a built in .add_history()
	that handles the formatting for me, which is nice.

	d) use fits.writeto(), and then add_history to the getheader() to complete.

	e) since theyre both arrays, I can make a new value of dark_sub_med = darkdata - dark_median.
	after that, use .writeto() again for the hw7graph1 file, and print before and after subtraction
	by printing the value of darkdata and dark_sub_med @ [0][217][184], gives 5. 24 - 19 = 5, makes sense.

logging out cause im moving
*****OUT: 	Mon Oct 5 19:50:05 EDT 2026


*****IN:	Mon Oct  5 20:37:45 EDT 2026
now i'll get everything packed up and submit.

convert the ipynb to a .py file, and i'll detail what i'll do after i copy in the log:

scp the directory into stokes through the terminal by uploading it, then i'll tar zcf hw7_aleonav.tar.gz to
zip it within the homework folder, and scp that compressed file back into my handin folder and submit.

I'll backup to github after all of that is done as well.
*****OUT: 	Mon Oct  5 20:53:06 EDT 2026


*****IN:	Tue Oct  6 19:31:17 EDT 2026
starting on hw7 (mainly reading the papers)

We already have the hw7 folder from hw6, so i'll use the touch command to make a hw7 file in the same directory.
now i'll get to reading some of the papers for the hw.
*****OUT: 	Tue Oct  6 20:21:45 EDT 2026


*****IN:	Wed Oct  7 14:33:50 EDT 2026
in class

is the moon cheese

why is it important to know?
	could we eat it?
	people who wanna land on the moon, bases, other stuff
	does it taste good?

how can you figure out which idea is right?
	send people to eat the cheese (see if they die) (eating is less expensive than spectroscopy or chemical testing)
	people might die, this is bad

okay no more class
*****OUT: 	Wed Oct  7 16:22:55 EDT 2026


*****IN:	Thu Oct  8 16:19:33 EDT 2026
working more on hw7, reading the papers

What I learned about the target from each paper:

PAPER1:
	We're looking at HD189733b, a hot Jupiter, which is likely tidally locked due to it's very close
	orbit to its parent. This first paper focuses on asking if the upper atmosphere can efficently
	distribute heat from the daytime side across into the nightime side, which can be observed
	by looking at the planet's own infrared emission (8µm for this emission) when it is eclipsing
	the star.

	Measuring these data points had challenges since the parent star is active, having spots which
	cause increases of flux up to ±1.5%, 13.4 day rotation period. Measurements were scaled with
	this in mind. 
	There was also 120±4[s] delay when the planet moved behind the star than expected. Multiple
	causes for thought were given such as non-uniform emission of the planet, pertubations by other
	bodies, but the most likely cause was eccentricity of the planet's orbit (as well as time
	delay for light to cross the system). Min and max temp for the planet's emission was
	973±33[K] and 1212±11[K].

PAPER2:
	since then, Redfield has detected atomic sodium in it's atmosphere. Using infrared gives
	a way better planet / star contrast ratio to better differentiate between the two as well.
	(no way i see dr. harrington here in a citation) Planet to Star surface area ratio is 2nd
	largest of all known transiting exoplanets (at least in 2008 of course)
	This one will go through to get values for planet and stellar R, inclination i, transit time
	T_c, and orbital period P. There's also a companion M star! 
	
	Analysis has to be split between two detectors due to differeing chemistry with both of them,
	which is noted in the paper. (InSb, Si:As, which correspond to the (3.6, 4.5 µm) and 
	(5.8, 8.0µm) channels. The effect mentioned in class and in the other paper about the effective
	gain of the pixels increasing with time is here too, "detector ramp". Within MIPS observation,
	they talk about the 3\sig clipping from the median value too, that's cool.
	Water absorption within the spectra too. (contrast to another planet that has emission)
	Some comparisons to that planet are noted. 

	Observed data from 3.6 - 8.0µm favors a model that assumes no redist of energy to the night
	side, but in constrast with the previous paper's findings with a relatively flat min/max temp.
	Could be that the planet emits much less at shorter wavelengths, and also distribution might
	be depth dependent in the atmosphere.

	In this paper, 5 / 6 bandpasses say that the eclipise center occurs at time expected of a
	circular orbit, and not that of an offset like before. However eclipse at 3.6µm observed
	to arrive 5.6±0.8 minutes later than expected. Def not orbital variations, but maybe
	from brightness variations across visible hemisphere of planet. But, this band is the one 
	with the largest corrections from the time dep. sensitivity, and largest noise.

im gonna get some food before i start on anything else
*****OUT: 	Thu Oct  8 17:46:08 EDT 2026


*****IN:	Thu Oct  8 18:23:07 EDT 2026
reading paper 3 now

PAPER3:
	This one is using hubble to observe our target, measuring albedo, observing a decrease with
	longer wavelengths (<0.12) across 450-570nm. Abstract states evidence for optically thick
	reflective clouds on the daytime side, sodium absorption supressing signal beyond ~450nm. 
	It (would appear) to be a deep blue! 

	There's a period missing on the first page i kept trying to find it for like a minute.
	A lotta methods on working with hubble and adjusting the data before analysis.

	Second figure showing the much sharper drop in flux in the shorter wavelengths than in the 
	longer ones. Blue color attributed to that. I kinda don't understand how theyre explaining the
	mathematical modeling and the function they fit it to, I hope we go over some of it in class.

	A lot of this paper is modeling, and the results just sigma reduction on previous studies
	that also suggested that the albedo decreases over visible range of the spectrum. Noted that
	cause of the optical reflection is still hard to rule down, since the data has limited precision
	with their tools. Some multiple possibilities are listed.

PAPER4:
	oh wow this one is really long
	It's 2024 now, and we're living in the future with JWST. New version of PLATON for atmosphere
	oberserving as well, 10x faster w/ using the GPU. H_2O, CO_2, CO, H_2S all in transmission and
	emission spectra. 

	Big section on data redux again, and explaining the exp ramp and linear functions of the curve.

	Wow these dips in figure 1 are a lot better than those of spitzer. I wonder what the wave
	behavior of the flux is before the planet transists is from.

	There was a bug in earlier measurements , NIRCam wavelength calibration was off by ~30nm for 
	some regions. F322W2 bin exluded from the spectra in the science.

	There's a section comparing to Spitzer as well, support that the channel 1 not very good for
	exoplanet observation, also being inconsistent with JWST data.

	Big section on PLATON 6, and it's new features that it adds, including GPU support to speed
	up the code. 3 weeks -> 2 days (with a 4090) but still a lot lot faster. 
	This is really confusing

	For modeling the absorption, removing CH_4 improves fit by ∆X^2 of 3.3, and anything else is a
	lot worse. Extrememly strong water and carbon dioxide absorption peaks, def w/in atmopshere.
	In all 11 species of compounds in retrievals, not all have signifigant contributions to the
	best fit model, only water, CO_2, CO, H_2S, and CH_4 have significant contributions to opacity.

	I'm hearing a lot about methane depletion, C/O ratio and it's relation to metallicity, but I
	cant really understand what the correlation is from the writing or what these effects are.

	Section on comparison with WASP-39b and HD209458b. Transmission is a lot higher in the ~2.7µm 
	range for our target, with similar to the other scross the 304µm wavelength range. 

	Ah i see it's metallicity of the parent star, 2.6-6.8x the metallicity of the sun, with C/O
	ratio within those metals around 0.42. 

im gonna take a break from doing more of this for now
*****OUT: 	Thu Oct  8 20:14:42 EDT 2026


*****IN:	Fri Oct  9 11:50:44 EDT 2026
gonna work some more on the homework before we have class today

Problem 3:
	actually using the help() command for pyplot to see to arguments, its kinda easier like this
	sometimes.

	okay what is a box rectangle window function did we learn that i and i just forgot
	time to ask jarvis (google.com)
	oh its easy its just a boolean function where the value is inside a certain width
	so a certain time for this function, but why are we given height if we arent calling it in the 
	array? I'm confused on that bc the height seems like i cant do anything w/ it.

	yeah i have no idea ill ask in class and work on other hw for now

*****OUT: 	Fri Oct  9 12:48:45 EDT 2026


*****IN:	Fri Oct  9 14:39:10 EDT 2026
in class
no more class
*****OUT: 	Fri Oct  9 16:20:50 EDT 2026


*****IN:	Fri Oct  9 17:51:02 EDT 2026
working more on hw7 prob3

Problem 3 (cont):
	oh I see we're modeling the function that was given and getting the values for that to just
	isolate the dip and that's pretty much it.

	so we're putting in where we want the inside to be, and guessing how far down the height is
	(which is the drop) [at least i think so]

	okay i did something wrong cause my popt values are 3x2 of [0, 0.2, 0.009, inf, inf, etc]
	oh thats just the cov matrix i had to define it for it not to be lumped within popt crisis
	averted.

	it does work, but im noticing that when i change the middle guess value (the width), it just
	directly uses my guess as the actual plot, and curve fit doesnt seem to be doing anything?
	Also happens with the center. If i change the depth, that does change stuff tho.

lib is closing

*****OUT: 	Fri Oct  9 18:43:36 EDT 2026


*****IN:	Fri Oct  9 19:00:32 EDT 2026
moved to the physics help room cause its friday and there's nobody here.

Problem 3 (cont):
	b)
	ii)
	Can we believe the fit?
	if you guess good values, sure. The only part that's actually doing any minimization is the
	height, which actually changes to minimize to a value.

	What to do if you cant?
	be correct in your guesses for the width and center? Or you can find the actual width values 
	numerically by seeing np.where()values really low, but might be harder on a real data set of
	course. 

	iii)
	properties are center = 0, width = 0.02, height = 0.00979 (∆F/F)
	i'll do the calculation of R_p in the code under the #iii) section
	0.113 * R_star

	c) error propagation time
	0.012 R_star, calculation went in the code. 

I am done now yippee. I won't submit yet or test on stokes since I'm pretty tired, but I will save
the file, log, and backup to github. I'll check over it again before I submit.

*****OUT: 	Fri Oct  9 20:02:18 EDT 2026
